../Core/Src/main.c:155:6:HAL_ADC_ConvCpltCallback	24	static
../Core/Src/main.c:171:6:HAL_UART_TxCpltCallback	16	static
../Core/Src/main.c:178:6:HAL_UART_RxCpltCallback	16	static
../Core/Src/main.c:188:6:HAL_TIM_PeriodElapsedCallback	16	static
../Core/Src/main.c:211:6:HAL_RTC_AlarmAEventCallback	32	static
../Core/Src/main.c:231:6:HAL_RTCEx_AlarmBEventCallback	16	static
../Core/Src/main.c:245:5:main	8	static
../Core/Src/main.c:431:6:SystemClock_Config	96	static
../Core/Src/main.c:492:13:MX_ADC1_Init	32	static
../Core/Src/main.c:577:13:MX_I2C1_Init	8	static
../Core/Src/main.c:625:13:MX_RTC_Init	80	static
../Core/Src/main.c:720:13:MX_SPI1_Init	8	static
../Core/Src/main.c:760:13:MX_TIM2_Init	40	static
../Core/Src/main.c:805:13:MX_USART1_UART_Init	8	static
../Core/Src/main.c:838:13:MX_DMA_Init	16	static
../Core/Src/main.c:856:13:MX_GPIO_Init	40	static
../Core/Src/main.c:898:6:set_time	32	static
../Core/Src/main.c:920:6:get_time	64	static
../Core/Src/main.c:936:6:set_alarm_A	96	static
../Core/Src/main.c:970:6:set_alarm_B	96	static
../Core/Src/main.c:1011:6:Error_Handler	4	static,ignoring_inline_asm
