../Core/Src/main.c:135:6:HAL_ADC_ConvCpltCallback	16	static
../Core/Src/main.c:143:6:HAL_UART_TxCpltCallback	16	static
../Core/Src/main.c:150:6:HAL_UART_RxCpltCallback	16	static
../Core/Src/main.c:160:6:HAL_TIM_PeriodElapsedCallback	16	static
../Core/Src/main.c:181:6:HAL_RTC_AlarmAEventCallback	32	static
../Core/Src/main.c:201:6:HAL_RTCEx_AlarmBEventCallback	16	static
../Core/Src/main.c:215:5:main	8	static
../Core/Src/main.c:377:6:SystemClock_Config	96	static
../Core/Src/main.c:438:13:MX_ADC1_Init	32	static
../Core/Src/main.c:523:13:MX_RTC_Init	80	static
../Core/Src/main.c:618:13:MX_SPI1_Init	8	static
../Core/Src/main.c:658:13:MX_TIM2_Init	40	static
../Core/Src/main.c:703:13:MX_USART1_UART_Init	8	static
../Core/Src/main.c:736:13:MX_DMA_Init	16	static
../Core/Src/main.c:754:13:MX_GPIO_Init	40	static
../Core/Src/main.c:796:6:set_time	32	static
../Core/Src/main.c:818:6:get_time	64	static
../Core/Src/main.c:834:6:set_alarm_A	96	static
../Core/Src/main.c:868:6:set_alarm_B	96	static
../Core/Src/main.c:909:6:Error_Handler	4	static,ignoring_inline_asm
