../Core/Src/sim7070g.c:78:6:SIM_Handler	8	static
../Core/Src/sim7070g.c:111:6:SIM_serialRX_Handler	16	static
../Core/Src/sim7070g.c:133:6:SIM_Init	16	static
../Core/Src/sim7070g.c:215:6:SIM_UE_Check	16	static
../Core/Src/sim7070g.c:285:6:SIM_PDN_Activation	16	static
../Core/Src/sim7070g.c:427:6:SIM_HTTP_Build	24	static
../Core/Src/sim7070g.c:582:6:SIM_HTTP_Make_Post	32	static
../Core/Src/sim7070g.c:845:6:SIM_HTTP_Make_Get	32	static
../Core/Src/sim7070g.c:1035:6:copySubstringFromMatch	32	static
../Core/Src/sim7070g.c:1052:7:substr	40	static
