22:02:15 **** Incremental Build of configuration Debug for project river_sense ****
make -j4 all 
arm-none-eabi-gcc "../Core/Src/sim7070g.c" -mcpu=cortex-m4 -std=gnu11 -g3 -DDEBUG -DUSE_HAL_DRIVER -DSTM32L432xx -c -I../Core/Inc -I../Drivers/STM32L4xx_HAL_Driver/Inc -I../Drivers/STM32L4xx_HAL_Driver/Inc/Legacy -I../Drivers/CMSIS/Device/ST/STM32L4xx/Include -I../Drivers/CMSIS/Include -O0 -ffunction-sections -fdata-sections -Wall -fstack-usage -MMD -MP -MF"Core/Src/sim7070g.d" -MT"Core/Src/sim7070g.o" --specs=nano.specs -mfpu=fpv4-sp-d16 -mfloat-abi=hard -mthumb -o "Core/Src/sim7070g.o"
arm-none-eabi-gcc -o "river_sense.elf" @"objects.list"   -mcpu=cortex-m4 -T"D:\Semester 2\ProjectE_448\Skripsie Workspace\STM32L4\river_sense\STM32L432KCUX_FLASH.ld" --specs=nosys.specs -Wl,-Map="river_sense.map" -Wl,--gc-sections -static --specs=nano.specs -mfpu=fpv4-sp-d16 -mfloat-abi=hard -mthumb -Wl,--start-group -lc -lm -Wl,--end-group
Finished building target: river_sense.elf
 
arm-none-eabi-size   river_sense.elf 
arm-none-eabi-objdump -h -S  river_sense.elf  > "river_sense.list"
   text	   data	    bss	    dec	    hex	filename
  18708	   1204	   4972	  24884	   6134	river_sense.elf
Finished building: default.size.stdout
 
Finished building: river_sense.list
 
22:02:33 **** Incremental Build of configuration Debug for project river_sense ****
make -j4 all 
arm-none-eabi-size   river_sense.elf 
   text	   data	    bss	    dec	    hex	filename
  18708	   1204	   4972	  24884	   6134	river_sense.elf
Finished building: default.size.stdout
 
22:04:24 **** Incremental Build of configuration Debug for project river_sense ****
make -j4 all 
arm-none-eabi-size   river_sense.elf 
   text	   data	    bss	    dec	    hex	filename
  18708	   1204	   4972	  24884	   6134	river_sense.elf
Finished building: default.size.stdout
 
22:05:05 **** Incremental Build of configuration Debug for project river_sense ****
make -j4 all 
arm-none-eabi-size   river_sense.elf 
   text	   data	    bss	    dec	    hex	filename
  18708	   1204	   4972	  24884	   6134	river_sense.elf
Finished building: default.size.stdout
 
22:06:05 **** Incremental Build of configuration Debug for project river_sense ****
make -j4 all 
arm-none-eabi-size   river_sense.elf 
   text	   data	    bss	    dec	    hex	filename
  18708	   1204	   4972	  24884	   6134	river_sense.elf
Finished building: default.size.stdout
 
22:06:44 **** Incremental Build of configuration Debug for project river_sense ****
make -j4 all 
arm-none-eabi-size   river_sense.elf 
   text	   data	    bss	    dec	    hex	filename
  18708	   1204	   4972	  24884	   6134	river_sense.elf
Finished building: default.size.stdout
 
22:07:22 **** Incremental Build of configuration Debug for project river_sense ****
make -j4 all 
arm-none-eabi-size   river_sense.elf 
   text	   data	    bss	    dec	    hex	filename
  18708	   1204	   4972	  24884	   6134	river_sense.elf
Finished building: default.size.stdout
 
22:09:24 **** Incremental Build of configuration Debug for project river_sense ****
make -j4 all 
arm-none-eabi-gcc "../Core/Src/sim7070g.c" -mcpu=cortex-m4 -std=gnu11 -g3 -DDEBUG -DUSE_HAL_DRIVER -DSTM32L432xx -c -I../Core/Inc -I../Drivers/STM32L4xx_HAL_Driver/Inc -I../Drivers/STM32L4xx_HAL_Driver/Inc/Legacy -I../Drivers/CMSIS/Device/ST/STM32L4xx/Include -I../Drivers/CMSIS/Include -O0 -ffunction-sections -fdata-sections -Wall -fstack-usage -MMD -MP -MF"Core/Src/sim7070g.d" -MT"Core/Src/sim7070g.o" --specs=nano.specs -mfpu=fpv4-sp-d16 -mfloat-abi=hard -mthumb -o "Core/Src/sim7070g.o"
arm-none-eabi-gcc -o "river_sense.elf" @"objects.list"   -mcpu=cortex-m4 -T"D:\Semester 2\ProjectE_448\Skripsie Workspace\STM32L4\river_sense\STM32L432KCUX_FLASH.ld" --specs=nosys.specs -Wl,-Map="river_sense.map" -Wl,--gc-sections -static --specs=nano.specs -mfpu=fpv4-sp-d16 -mfloat-abi=hard -mthumb -Wl,--start-group -lc -lm -Wl,--end-group
Finished building target: river_sense.elf
 
arm-none-eabi-size   river_sense.elf 
arm-none-eabi-objdump -h -S  river_sense.elf  > "river_sense.list"
   text	   data	    bss	    dec	    hex	filename
  18708	   1224	   5120	  25052	   61dc	river_sense.elf
Finished building: default.size.stdout
 
Finished building: river_sense.list
 
22:10:11 **** Incremental Build of configuration Debug for project river_sense ****
make -j4 all 
arm-none-eabi-size   river_sense.elf 
   text	   data	    bss	    dec	    hex	filename
  18708	   1224	   5120	  25052	   61dc	river_sense.elf
Finished building: default.size.stdout
 
